func #0
  counts[0] = 1
  counts[1] = 1
  counts[2] = 1
  counts[3] = 1
  counts[4] = 1
  counts[5] = 1
  counts[6] = 1
  counts[7] = 1
  counts[8] = 1
  counts[9] = 1
  counts[10] = 1
  counts[11] = 1
  counts[12] = 1
  counts[13] = 1
  counts[14] = 1
  counts[15] = 1
  counts[16] = 1
  counts[17] = 1
  counts[18] = 1
  counts[19] = 1
  counts[20] = 1
  counts[21] = 1
  counts[22] = 1
  counts[23] = 1
  counts[24] = 1
  counts[25] = 1
  counts[26] = 1
  counts[27] = 1
  counts[28] = 1
  counts[29] = 1
  counts[30] = 1
  counts[31] = 1
func #1
  counts[0] = 1
