func #0
  counts[0] = 1
  counts[1] = 17
  counts[2] = 9
  counts[3] = 25
  counts[4] = 5
  counts[5] = 21
  counts[6] = 13
  counts[7] = 29
  counts[8] = 3
  counts[9] = 19
  counts[10] = 11
  counts[11] = 27
  counts[12] = 7
  counts[13] = 23
  counts[14] = 15
  counts[15] = 31
  counts[16] = 2
  counts[17] = 18
  counts[18] = 10
  counts[19] = 26
  counts[20] = 6
  counts[21] = 22
  counts[22] = 14
  counts[23] = 30
  counts[24] = 4
  counts[25] = 20
  counts[26] = 12
  counts[27] = 28
  counts[28] = 8
  counts[29] = 24
  counts[30] = 16
  counts[31] = 32
func #1
  counts[0] = 31
  counts[1] = 0
  counts[2] = 1
  counts[3] = 496
  counts[4] = 32
  counts[5] = 1
  counts[6] = 0
  counts[7] = 0
